INFO:     Will watch for changes in these directories: ['C:\\Users\\yassi\\OneDrive\\Desktop\\SmartHireAi\\SmartHire-AI']
INFO:     Uvicorn running on http://127.0.0.1:8000 (Press CTRL+C to quit)
INFO:     Started reloader process [20276] using StatReload
INFO:     Started server process [17384]
INFO:     Waiting for application startup.
INFO:     Application startup complete.
ERROR:    Exception in ASGI application
Traceback (most recent call last):
  File "C:\Users\yassi\AppData\Roaming\Python\Python312\site-packages\uvicorn\protocols\http\httptools_impl.py", line 422, in run_asgi
    result = await app(  # type: ignore[func-returns-value]
             ^^^^^^^^^^^^^^^^^^^^^^^^^^^^^^^^^^^^^^^^^^^^^^
  File "C:\Users\yassi\AppData\Roaming\Python\Python312\site-packages\uvicorn\middleware\proxy_headers.py", line 63, in __call__
    return await self.app(scope, receive, send)
           ^^^^^^^^^^^^^^^^^^^^^^^^^^^^^^^^^^^^
  File "C:\Users\yassi\AppData\Roaming\Python\Python312\site-packages\fastapi\applications.py", line 1163, in __call__
    await super().__call__(scope, receive, send)
  File "C:\Users\yassi\AppData\Roaming\Python\Python312\site-packages\starlette\applications.py", line 90, in __call__
    await self.middleware_stack(scope, receive, send)
  File "C:\Users\yassi\AppData\Roaming\Python\Python312\site-packages\starlette\middleware\errors.py", line 186, in __call__
    raise exc
  File "C:\Users\yassi\AppData\Roaming\Python\Python312\site-packages\starlette\middleware\errors.py", line 164, in __call__
    await self.app(scope, receive, _send)
  File "C:\Users\yassi\AppData\Roaming\Python\Python312\site-packages\starlette\middleware\cors.py", line 96, in __call__
    await self.simple_response(scope, receive, send, request_headers=headers)
  File "C:\Users\yassi\AppData\Roaming\Python\Python312\site-packages\starlette\middleware\cors.py", line 154, in simple_response
    await self.app(scope, receive, send)
  File "C:\Users\yassi\AppData\Roaming\Python\Python312\site-packages\starlette\middleware\exceptions.py", line 63, in __call__
    await wrap_app_handling_exceptions(self.app, conn)(scope, receive, send)
  File "C:\Users\yassi\AppData\Roaming\Python\Python312\site-packages\starlette\_exception_handler.py", line 53, in wrapped_app
    raise exc
  File "C:\Users\yassi\AppData\Roaming\Python\Python312\site-packages\starlette\_exception_handler.py", line 42, in wrapped_app
    await app(scope, receive, sender)
  File "C:\Users\yassi\AppData\Roaming\Python\Python312\site-packages\fastapi\middleware\asyncexitstack.py", line 18, in __call__
    await self.app(scope, receive, send)
  File "C:\Users\yassi\AppData\Roaming\Python\Python312\site-packages\starlette\routing.py", line 660, in __call__
    await self.middleware_stack(scope, receive, send)
  File "C:\Users\yassi\AppData\Roaming\Python\Python312\site-packages\fastapi\routing.py", line 2531, in app
    await route.handle(scope, receive, send)
  File "C:\Users\yassi\AppData\Roaming\Python\Python312\site-packages\fastapi\routing.py", line 1700, in handle
    await self.original_router.handle(scope, receive, send)
  File "C:\Users\yassi\AppData\Roaming\Python\Python312\site-packages\fastapi\routing.py", line 2586, in handle
    await included_router._handle_selected(scope, receive, send)
  File "C:\Users\yassi\AppData\Roaming\Python\Python312\site-packages\fastapi\routing.py", line 1720, in _handle_selected
    await original_route.handle(scope, receive, send)
  File "C:\Users\yassi\AppData\Roaming\Python\Python312\site-packages\fastapi\routing.py", line 1239, in handle
    await app(scope, receive, send)
  File "C:\Users\yassi\AppData\Roaming\Python\Python312\site-packages\fastapi\routing.py", line 150, in app
    await wrap_app_handling_exceptions(app, request)(scope, receive, send)
  File "C:\Users\yassi\AppData\Roaming\Python\Python312\site-packages\starlette\_exception_handler.py", line 53, in wrapped_app
    raise exc
  File "C:\Users\yassi\AppData\Roaming\Python\Python312\site-packages\starlette\_exception_handler.py", line 42, in wrapped_app
    await app(scope, receive, sender)
  File "C:\Users\yassi\AppData\Roaming\Python\Python312\site-packages\fastapi\routing.py", line 136, in app
    response = await f(request)
               ^^^^^^^^^^^^^^^^
  File "C:\Users\yassi\AppData\Roaming\Python\Python312\site-packages\fastapi\routing.py", line 690, in app
    raw_response = await run_endpoint_function(
                   ^^^^^^^^^^^^^^^^^^^^^^^^^^^^
  File "C:\Users\yassi\AppData\Roaming\Python\Python312\site-packages\fastapi\routing.py", line 344, in run_endpoint_function
    return await dependant.call(**values)
           ^^^^^^^^^^^^^^^^^^^^^^^^^^^^^^
  File "C:\Users\yassi\OneDrive\Desktop\SmartHireAi\SmartHire-AI\src\api\routers\job_router.py", line 41, in upload_job
    job = service.parse_job(
          ^^^^^^^^^^^^^^^^^^
  File "C:\Users\yassi\OneDrive\Desktop\SmartHireAi\SmartHire-AI\src\services\job_service.py", line 35, in parse_job
    self.repository.insert(
  File "C:\Users\yassi\OneDrive\Desktop\SmartHireAi\SmartHire-AI\src\database\job_repository.py", line 32, in insert
    self.cursor.execute(
  File "C:\Users\yassi\AppData\Roaming\Python\Python312\site-packages\mysql\connector\cursor.py", line 416, in execute
    self._connection.cmd_query(
  File "C:\Users\yassi\AppData\Roaming\Python\Python312\site-packages\mysql\connector\opentelemetry\context_propagation.py", line 97, in wrapper
    return method(cnx, *args, **kwargs)
           ^^^^^^^^^^^^^^^^^^^^^^^^^^^^
  File "C:\Users\yassi\AppData\Roaming\Python\Python312\site-packages\mysql\connector\_decorating.py", line 89, in handle_cnx_method
    raise err
  File "C:\Users\yassi\AppData\Roaming\Python\Python312\site-packages\mysql\connector\_decorating.py", line 85, in handle_cnx_method
    return cnx_method(cnx, *args, **kwargs)
           ^^^^^^^^^^^^^^^^^^^^^^^^^^^^^^^^
  File "C:\Users\yassi\AppData\Roaming\Python\Python312\site-packages\mysql\connector\connection.py", line 984, in cmd_query
    result = self._handle_result(
             ^^^^^^^^^^^^^^^^^^^^
  File "C:\Users\yassi\AppData\Roaming\Python\Python312\site-packages\mysql\connector\_decorating.py", line 89, in handle_cnx_method
    raise err
  File "C:\Users\yassi\AppData\Roaming\Python\Python312\site-packages\mysql\connector\_decorating.py", line 85, in handle_cnx_method
    return cnx_method(cnx, *args, **kwargs)
           ^^^^^^^^^^^^^^^^^^^^^^^^^^^^^^^^
  File "C:\Users\yassi\AppData\Roaming\Python\Python312\site-packages\mysql\connector\connection.py", line 745, in _handle_result
    raise get_exception(packet)
mysql.connector.errors.IntegrityError: 1062 (23000): Duplicate entry 'job_0004' for key 'jobs.job_id'
